// Jest Snapshot v1, https://goo.gl/fbAQLP

exports[`<Spin /> should render the heading 1`] = `
.c0 {
  border: 2px solid #ccc;
  width: 2rem;
  height: 2rem;
  border-top: 2px solid green;
  border-radius: 50%;
  -webkit-animation: spin 0.8s linear infinite;
  animation: spin 0.8s linear infinite;
}

<div
  aria-label="spin-loading"
  class="c0"
/>
`
